// Jest Snapshot v1, https://goo.gl/fbAQLP

exports[`renders correctly 1`] = `
.c0 {
  box-shadow: 0px 3px 6px rgba(48,83,115,0.09893);
  color: #fff;
  padding: 0.7em 0.9em;
  margin: 1em;
  border-width: 0;
  font-size: 0.9em;
  background-color: #56ccf2;
  border-radius: 2px;
}

<button
  className="c0"
>
  Action
</button>
`;
