// Jest Snapshot v1, https://goo.gl/fbAQLP

exports[`renders correctly 1`] = `
.c0 {
  color: #4f4f4f;
  margin: 0.1em 0;
}

<label
  className="c0"
>
  input label
</label>
`;
