// Jest Snapshot v1, https://goo.gl/fbAQLP

exports[`renders correctly 1`] = `
.c2.enter {
  -webkit-transform: rotate(0deg);
  -ms-transform: rotate(0deg);
  transform: rotate(0deg);
}

.c2.enter-active {
  -webkit-transform: rotate(180deg);
  -ms-transform: rotate(180deg);
  transform: rotate(180deg);
  -webkit-transition: -webkit-transform 250ms;
  -webkit-transition: transform 250ms;
  transition: transform 250ms;
}

.c2.enter-done {
  -webkit-transform: rotate(180deg);
  -ms-transform: rotate(180deg);
  transform: rotate(180deg);
}

.c2.exit {
  -webkit-transform: rotate(180deg);
  -ms-transform: rotate(180deg);
  transform: rotate(180deg);
}

.c2.exit-active {
  -webkit-transform: rotate(0deg);
  -ms-transform: rotate(0deg);
  transform: rotate(0deg);
  -webkit-transition: -webkit-transform 250ms;
  -webkit-transition: transform 250ms;
  transition: transform 250ms;
}

.c3 {
  position: absolute;
  right: 0.7rem;
}

.c0 {
  display: -webkit-box;
  display: -webkit-flex;
  display: -ms-flexbox;
  display: flex;
  -webkit-align-items: center;
  -webkit-box-align: center;
  -ms-flex-align: center;
  align-items: center;
  position: relative;
  height: 40px;
}

.c1 {
  -webkit-flex: 1;
  -ms-flex: 1;
  flex: 1;
  border-width: 0;
  margin: 0.1em 0;
  padding: 0.5rem 0.7rem;
  height: 40px;
  font-size: 0.9em;
  box-sizing: border-box;
  display: -webkit-box;
  display: -webkit-flex;
  display: -ms-flexbox;
  display: flex;
  -webkit-align-items: center;
  -webkit-box-align: center;
  -ms-flex-align: center;
  align-items: center;
  background-color: #f2f2f2;
  border-radius: 2px;
}

<div
  className="c0"
  data-testid="toggle"
  onClick={[Function]}
>
  <div
    className="c1"
  >
    option1
  </div>
  <svg
    className="c2 c3"
    fill="none"
    height="8"
    viewBox="0 0 15 8"
    width="15"
    xmlns="http://www.w3.org/2000/svg"
  >
    <path
      d="M1.48242 1L7.48242 7L13.4824 1"
      stroke="#4F4F4F"
      strokeLinecap="round"
      strokeLinejoin="round"
      strokeWidth="2"
    />
  </svg>
</div>
`;
